201.10.23.92 - - [23/Jul/2007:05:33:32 +1000] "GET /tibia/stats/pzlocked.html HTTP/1.1" 200 5366 "-" "Mozilla/5.0 (Windows; U; Windows NT 5.1; pt-BR; rv:1.8.1.5) Gecko/20070713 Firefox/2.0.0.5"
124.183.67.50 - - [23/Jul/2007:05:33:35 +1000] "GET /tibia/stats/pzlocked.html HTTP/1.1" 302 459 "-" "Opera/9.20 (Windows NT 5.1; U; en)"
201.10.23.92 - - [23/Jul/2007:05:33:36 +1000] "GET /tibia/stats/tibstats.css HTTP/1.1" 304 136 "http://www.eruanno.com/tibia/stats/pzlocked.html" "Mozilla/5.0 (Windows; U; Windows NT 5.1; pt-BR; rv:1.8.1.5) Gecko/20070713 Firefox/2.0.0.5"
201.10.23.92 - - [23/Jul/2007:05:33:37 +1000] "GET /tibia/stats/scroll.gif HTTP/1.1" 304 138 "http://www.eruanno.com/tibia/stats/tibstats.css" "Mozilla/5.0 (Windows; U; Windows NT 5.1; pt-BR; rv:1.8.1.5) Gecko/20070713 Firefox/2.0.0.5"
124.183.67.50 - - [23/Jul/2007:05:33:35 +1000] "GET /tibia/stats/pzlocked.html HTTP/1.1" 200 5366 "-" "Opera/9.20 (Windows NT 5.1; U; en)"
201.140.1.11 - - [23/Jul/2007:05:33:52 +1000] "GET /tibia/stats/pzlocked.html HTTP/1.1" 200 5366 "-" "Mozilla/5.0 (Windows; U; Windows NT 5.1; es-AR; rv:1.8.1.5) Gecko/20070713 Firefox/2.0.0.5"
201.140.1.11 - - [23/Jul/2007:05:33:58 +1000] "GET /tibia/stats/tibstats.css HTTP/1.1" 304 136 "http://www.eruanno.com/tibia/stats/pzlocked.html" "Mozilla/5.0 (Windows; U; Windows NT 5.1; es-AR; rv:1.8.1.5) Gecko/20070713 Firefox/2.0.0.5"
201.140.1.11 - - [23/Jul/2007:05:33:59 +1000] "GET /tibia/stats/scroll.gif HTTP/1.1" 304 138 "http://www.eruanno.com/tibia/stats/tibstats.css" "Mozilla/5.0 (Windows; U; Windows NT 5.1; es-AR; rv:1.8.1.5) Gecko/20070713 Firefox/2.0.0.5"
124.183.67.50 - - [23/Jul/2007:05:34:08 +1000] "GET /tibia/stats/pzlocked.html HTTP/1.1" 302 459 "-" "Opera/9.20 (Windows NT 5.1; U; en)"
124.183.67.50 - - [23/Jul/2007:05:34:09 +1000] "GET /tibia/stats/pzlocked.html HTTP/1.1" 200 5366 "-" "Opera/9.20 (Windows NT 5.1; U; en)"
77.124.13.122 - - [23/Jul/2007:05:34:15 +1000] "GET /tibia/stats/pzlocked.html HTTP/1.1" 200 5366 "-" "Mozilla/5.0 (Windows; U; Windows NT 5.1; he; rv:1.8.1.5) Gecko/20070713 Firefox/2.0.0.5"
77.124.13.122 - - [23/Jul/2007:05:34:18 +1000] "GET /tibia/stats/tibstats.css HTTP/1.1" 304 136 "http://www.eruanno.com/tibia/stats/pzlocked.html" "Mozilla/5.0 (Windows; U; Windows NT 5.1; he; rv:1.8.1.5) Gecko/20070713 Firefox/2.0.0.5"
77.124.13.122 - - [23/Jul/2007:05:34:19 +1000] "GET /tibia/stats/scroll.gif HTTP/1.1" 304 138 "http://www.eruanno.com/tibia/stats/tibstats.css" "Mozilla/5.0 (Windows; U; Windows NT 5.1; he; rv:1.8.1.5) Gecko/20070713 Firefox/2.0.0.5"
70.50.157.18 - - [23/Jul/2007:05:34:33 +1000] "GET /tibia/stats/pzlocked.html HTTP/1.1" 200 5366 "-" "Mozilla/5.0 (Windows; U; Windows NT 5.1; en-US; rv:1.8.1.5) Gecko/20070713 Firefox/2.0.0.5"
70.50.157.18 - - [23/Jul/2007:05:34:36 +1000] "GET /tibia/stats/tibstats.css HTTP/1.1" 304 136 "http://www.eruanno.com/tibia/stats/pzlocked.html" "Mozilla/5.0 (Windows; U; Windows NT 5.1; en-US; rv:1.8.1.5) Gecko/20070713 Firefox/2.0.0.5"
70.50.157.18 - - [23/Jul/2007:05:34:37 +1000] "GET /tibia/stats/scroll.gif HTTP/1.1" 304 138 "http://www.eruanno.com/tibia/stats/tibstats.css" "Mozilla/5.0 (Windows; U; Windows NT 5.1; en-US; rv:1.8.1.5) Gecko/20070713 Firefox/2.0.0.5"
66.249.67.12 - - [23/Jul/2007:05:34:37 +1000] "GET /tibia/stats/charstats.html?char_name=Net%20Armberio HTTP/1.1" 200 3694 "-" "Mozilla/5.0 (compatible; Googlebot/2.1; +http://www.google.com/bot.html)"
201.10.23.92 - - [23/Jul/2007:05:34:37 +1000] "GET /tibia/stats/pzlocked.html HTTP/1.1" 200 5366 "-" "Mozilla/5.0 (Windows; U; Windows NT 5.1; pt-BR; rv:1.8.1.5) Gecko/20070713 Firefox/2.0.0.5"
124.183.67.50 - - [23/Jul/2007:05:34:41 +1000] "GET /tibia/stats/pzlocked.html HTTP/1.1" 302 459 "-" "Opera/9.20 (Windows NT 5.1; U; en)"
124.183.67.50 - - [23/Jul/2007:05:34:42 +1000] "GET /tibia/stats/pzlocked.html HTTP/1.1" 200 5366 "-" "Opera/9.20 (Windows NT 5.1; U; en)"
201.10.23.92 - - [23/Jul/2007:05:34:46 +1000] "GET /tibia/stats/tibstats.css HTTP/1.1" 304 136 "http://www.eruanno.com/tibia/stats/pzlocked.html" "Mozilla/5.0 (Windows; U; Windows NT 5.1; pt-BR; rv:1.8.1.5) Gecko/20070713 Firefox/2.0.0.5"
201.10.23.92 - - [23/Jul/2007:05:34:48 +1000] "GET /tibia/stats/scroll.gif HTTP/1.1" 304 138 "http://www.eruanno.com/tibia/stats/tibstats.css" "Mozilla/5.0 (Windows; U; Windows NT 5.1; pt-BR; rv:1.8.1.5) Gecko/20070713 Firefox/2.0.0.5"
124.183.67.50 - - [23/Jul/2007:05:35:15 +1000] "GET /tibia/stats/pzlocked.html HTTP/1.1" 302 459 "-" "Opera/9.20 (Windows NT 5.1; U; en)"
124.183.67.50 - - [23/Jul/2007:05:35:15 +1000] "GET /tibia/stats/pzlocked.html HTTP/1.1" 200 5366 "-" "Opera/9.20 (Windows NT 5.1; U; en)"
201.10.23.92 - - [23/Jul/2007:05:35:18 +1000] "GET /tibia/stats/charstats.html?char_name=Nath%20Fert HTTP/1.1" 200 5263 "http://www.eruanno.com/tibia/stats/pzlocked.html" "Mozilla/5.0 (Windows; U; Windows NT 5.1; pt-BR; rv:1.8.1.5) Gecko/20070713 Firefox/2.0.0.5"
77.124.13.122 - - [23/Jul/2007:05:35:19 +1000] "GET /tibia/stats/pzlocked.html HTTP/1.1" 200 5366 "-" "Mozilla/5.0 (Windows; U; Windows NT 5.1; he; rv:1.8.1.5) Gecko/20070713 Firefox/2.0.0.5"
77.124.13.122 - - [23/Jul/2007:05:35:24 +1000] "GET /tibia/stats/tibstats.css HTTP/1.1" 304 136 "http://www.eruanno.com/tibia/stats/pzlocked.html" "Mozilla/5.0 (Windows; U; Windows NT 5.1; he; rv:1.8.1.5) Gecko/20070713 Firefox/2.0.0.5"
77.124.13.122 - - [23/Jul/2007:05:35:24 +1000] "GET /tibia/stats/scroll.gif HTTP/1.1" 304 138 "http://www.eruanno.com/tibia/stats/tibstats.css" "Mozilla/5.0 (Windows; U; Windows NT 5.1; he; rv:1.8.1.5) Gecko/20070713 Firefox/2.0.0.5"
74.97.21.74 - - [23/Jul/2007:05:35:28 +1000] "GET /tibia/stats/pzlocked HTTP/1.1" 200 5366 "-" "Mozilla/4.0 (compatible; MSIE 6.0; Windows NT 5.1; SV1; .NET CLR 1.1.4322; .NET CLR 2.0.50727)"
74.97.21.74 - - [23/Jul/2007:05:35:31 +1000] "GET /tibia/stats/tibstats.css HTTP/1.1" 200 2132 "http://www.eruanno.com/tibia/stats/pzlocked" "Mozilla/4.0 (compatible; MSIE 6.0; Windows NT 5.1; SV1; .NET CLR 1.1.4322; .NET CLR 2.0.50727)"
74.97.21.74 - - [23/Jul/2007:05:35:32 +1000] "GET /tibia/stats/scroll.gif HTTP/1.1" 200 8444 "http://www.eruanno.com/tibia/stats/pzlocked" "Mozilla/4.0 (compatible; MSIE 6.0; Windows NT 5.1; SV1; .NET CLR 1.1.4322; .NET CLR 2.0.50727)"
70.50.157.18 - - [23/Jul/2007:05:35:37 +1000] "GET /tibia/stats/pzlocked.html HTTP/1.1" 200 5366 "-" "Mozilla/5.0 (Windows; U; Windows NT 5.1; en-US; rv:1.8.1.5) Gecko/20070713 Firefox/2.0.0.5"
70.50.157.18 - - [23/Jul/2007:05:35:44 +1000] "GET /tibia/stats/tibstats.css HTTP/1.1" 304 136 "http://www.eruanno.com/tibia/stats/pzlocked.html" "Mozilla/5.0 (Windows; U; Windows NT 5.1; en-US; rv:1.8.1.5) Gecko/20070713 Firefox/2.0.0.5"
70.50.157.18 - - [23/Jul/2007:05:35:45 +1000] "GET /tibia/stats/scroll.gif HTTP/1.1" 304 138 "http://www.eruanno.com/tibia/stats/tibstats.css" "Mozilla/5.0 (Windows; U; Windows NT 5.1; en-US; rv:1.8.1.5) Gecko/20070713 Firefox/2.0.0.5"
66.249.67.12 - - [23/Jul/2007:05:35:45 +1000] "GET /tibia/stats/charstats.html?char_name=Eleet%20Brahma HTTP/1.1" 200 3330 "-" "Mozilla/5.0 (compatible; Googlebot/2.1; +http://www.google.com/bot.html)"
124.183.67.50 - - [23/Jul/2007:05:35:48 +1000] "GET /tibia/stats/pzlocked.html HTTP/1.1" 302 459 "-" "Opera/9.20 (Windows NT 5.1; U; en)"
124.183.67.50 - - [23/Jul/2007:05:35:48 +1000] "GET /tibia/stats/pzlocked.html HTTP/1.1" 200 5366 "-" "Opera/9.20 (Windows NT 5.1; U; en)"
124.183.67.50 - - [23/Jul/2007:05:36:21 +1000] "GET /tibia/stats/pzlocked.html HTTP/1.1" 302 459 "-" "Opera/9.20 (Windows NT 5.1; U; en)"
74.97.21.74 - - [23/Jul/2007:05:36:21 +1000] "GET /tibia/stats/pzlocked HTTP/1.1" 200 5365 "-" "Mozilla/4.0 (compatible; MSIE 6.0; Windows NT 5.1; SV1; .NET CLR 1.1.4322; .NET CLR 2.0.50727)"
74.97.21.74 - - [23/Jul/2007:05:36:25 +1000] "GET /tibia/stats/tibstats.css HTTP/1.1" 304 136 "http://www.eruanno.com/tibia/stats/pzlocked" "Mozilla/4.0 (compatible; MSIE 6.0; Windows NT 5.1; SV1; .NET CLR 1.1.4322; .NET CLR 2.0.50727)"
74.97.21.74 - - [23/Jul/2007:05:36:25 +1000] "GET /tibia/stats/scroll.gif HTTP/1.1" 304 138 "http://www.eruanno.com/tibia/stats/pzlocked" "Mozilla/4.0 (compatible; MSIE 6.0; Windows NT 5.1; SV1; .NET CLR 1.1.4322; .NET CLR 2.0.50727)"
124.183.67.50 - - [23/Jul/2007:05:36:21 +1000] "GET /tibia/stats/pzlocked.html HTTP/1.1" 200 5365 "-" "Opera/9.20 (Windows NT 5.1; U; en)"
77.124.13.122 - - [23/Jul/2007:05:36:25 +1000] "GET /tibia/stats/pzlocked.html HTTP/1.1" 200 5365 "-" "Mozilla/5.0 (Windows; U; Windows NT 5.1; he; rv:1.8.1.5) Gecko/20070713 Firefox/2.0.0.5"
77.124.13.122 - - [23/Jul/2007:05:36:29 +1000] "GET /tibia/stats/tibstats.css HTTP/1.1" 304 136 "http://www.eruanno.com/tibia/stats/pzlocked.html" "Mozilla/5.0 (Windows; U; Windows NT 5.1; he; rv:1.8.1.5) Gecko/20070713 Firefox/2.0.0.5"
77.124.13.122 - - [23/Jul/2007:05:36:31 +1000] "GET /tibia/stats/scroll.gif HTTP/1.1" 304 138 "http://www.eruanno.com/tibia/stats/tibstats.css" "Mozilla/5.0 (Windows; U; Windows NT 5.1; he; rv:1.8.1.5) Gecko/20070713 Firefox/2.0.0.5"
74.97.21.74 - - [23/Jul/2007:05:36:33 +1000] "GET /tibia/stats/pzlocked HTTP/1.1" 200 5365 "-" "Mozilla/4.0 (compatible; MSIE 6.0; Windows NT 5.1; SV1; .NET CLR 1.1.4322; .NET CLR 2.0.50727)"
74.97.21.74 - - [23/Jul/2007:05:36:35 +1000] "GET /tibia/stats/charstats.html?char_name=Drixxen HTTP/1.1" 200 5975 "-" "Mozilla/4.0 (compatible; MSIE 6.0; Windows NT 5.1; SV1; .NET CLR 1.1.4322; .NET CLR 2.0.50727)"
74.97.21.74 - - [23/Jul/2007:05:36:37 +1000] "GET /tibia/stats/tibstats.css HTTP/1.1" 304 136 "http://www.eruanno.com/tibia/stats/pzlocked" "Mozilla/4.0 (compatible; MSIE 6.0; Windows NT 5.1; SV1; .NET CLR 1.1.4322; .NET CLR 2.0.50727)"
74.97.21.74 - - [23/Jul/2007:05:36:37 +1000] "GET /tibia/stats/scroll.gif HTTP/1.1" 304 138 "http://www.eruanno.com/tibia/stats/pzlocked" "Mozilla/4.0 (compatible; MSIE 6.0; Windows NT 5.1; SV1; .NET CLR 1.1.4322; .NET CLR 2.0.50727)"
201.10.23.92 - - [23/Jul/2007:05:36:34 +1000] "GET /tibia/stats/pzlocked.html HTTP/1.1" 200 5365 "-" "Mozilla/5.0 (Windows; U; Windows NT 5.1; pt-BR; rv:1.8.1.5) Gecko/20070713 Firefox/2.0.0.5"
70.50.157.18 - - [23/Jul/2007:05:36:45 +1000] "GET /tibia/stats/pzlocked.html HTTP/1.1" 200 5365 "-" "Mozilla/5.0 (Windows; U; Windows NT 5.1; en-US; rv:1.8.1.5) Gecko/20070713 Firefox/2.0.0.5"
70.50.157.18 - - [23/Jul/2007:05:36:48 +1000] "GET /tibia/stats/tibstats.css HTTP/1.1" 304 136 "http://www.eruanno.com/tibia/stats/pzlocked.html" "Mozilla/5.0 (Windows; U; Windows NT 5.1; en-US; rv:1.8.1.5) Gecko/20070713 Firefox/2.0.0.5"
70.50.157.18 - - [23/Jul/2007:05:36:49 +1000] "GET /tibia/stats/scroll.gif HTTP/1.1" 304 138 "http://www.eruanno.com/tibia/stats/tibstats.css" "Mozilla/5.0 (Windows; U; Windows NT 5.1; en-US; rv:1.8.1.5) Gecko/20070713 Firefox/2.0.0.5"
66.249.67.12 - - [23/Jul/2007:05:36:52 +1000] "GET /tibia/stats/charstats.html?char_name=Silver%20magno HTTP/1.1" 200 3447 "-" "Mozilla/5.0 (compatible; Googlebot/2.1; +http://www.google.com/bot.html)"
124.183.67.50 - - [23/Jul/2007:05:36:58 +1000] "GET /tibia/stats/pzlocked.html HTTP/1.1" 302 459 "-" "Opera/9.20 (Windows NT 5.1; U; en)"
124.183.67.50 - - [23/Jul/2007:05:36:58 +1000] "GET /tibia/stats/pzlocked.html HTTP/1.1" 200 5365 "-" "Opera/9.20 (Windows NT 5.1; U; en)"
74.97.21.74 - - [23/Jul/2007:05:37:07 +1000] "GET /tibia/stats/charstats.html?char_name=cirrith HTTP/1.1" 200 3946 "http://www.eruanno.com/tibia/stats/charstats.html?char_name=Drixxen" "Mozilla/4.0 (compatible; MSIE 6.0; Windows NT 5.1; SV1; .NET CLR 1.1.4322; .NET CLR 2.0.50727)"
74.97.21.74 - - [23/Jul/2007:05:37:25 +1000] "GET /tibia/stats/charstats.html?char_name=Fiark HTTP/1.1" 200 4161 "http://www.eruanno.com/tibia/stats/charstats.html?char_name=cirrith" "Mozilla/4.0 (compatible; MSIE 6.0; Windows NT 5.1; SV1; .NET CLR 1.1.4322; .NET CLR 2.0.50727)"
124.183.67.50 - - [23/Jul/2007:05:37:31 +1000] "GET /tibia/stats/pzlocked.html HTTP/1.1" 302 459 "-" "Opera/9.20 (Windows NT 5.1; U; en)"
77.124.13.122 - - [23/Jul/2007:05:37:31 +1000] "GET /tibia/stats/pzlocked.html HTTP/1.1" 200 6003 "-" "Mozilla/5.0 (Windows; U; Windows NT 5.1; he; rv:1.8.1.5) Gecko/20070713 Firefox/2.0.0.5"
124.183.67.50 - - [23/Jul/2007:05:37:31 +1000] "GET /tibia/stats/pzlocked.html HTTP/1.1" 200 6003 "-" "Opera/9.20 (Windows NT 5.1; U; en)"
77.124.13.122 - - [23/Jul/2007:05:37:38 +1000] "GET /tibia/stats/tibstats.css HTTP/1.1" 304 136 "http://www.eruanno.com/tibia/stats/pzlocked.html" "Mozilla/5.0 (Windows; U; Windows NT 5.1; he; rv:1.8.1.5) Gecko/20070713 Firefox/2.0.0.5"
77.124.13.122 - - [23/Jul/2007:05:37:39 +1000] "GET /tibia/stats/scroll.gif HTTP/1.1" 304 138 "http://www.eruanno.com/tibia/stats/tibstats.css" "Mozilla/5.0 (Windows; U; Windows NT 5.1; he; rv:1.8.1.5) Gecko/20070713 Firefox/2.0.0.5"
74.97.21.74 - - [23/Jul/2007:05:37:38 +1000] "GET /tibia/stats/pzlocked HTTP/1.1" 200 6003 "-" "Mozilla/4.0 (compatible; MSIE 6.0; Windows NT 5.1; SV1; .NET CLR 1.1.4322; .NET CLR 2.0.50727)"
201.10.23.92 - - [23/Jul/2007:05:37:39 +1000] "GET /tibia/stats/pzlocked.html HTTP/1.1" 200 6003 "-" "Mozilla/5.0 (Windows; U; Windows NT 5.1; pt-BR; rv:1.8.1.5) Gecko/20070713 Firefox/2.0.0.5"
74.97.21.74 - - [23/Jul/2007:05:37:43 +1000] "GET /tibia/stats/tibstats.css HTTP/1.1" 304 136 "http://www.eruanno.com/tibia/stats/pzlocked" "Mozilla/4.0 (compatible; MSIE 6.0; Windows NT 5.1; SV1; .NET CLR 1.1.4322; .NET CLR 2.0.50727)"
74.97.21.74 - - [23/Jul/2007:05:37:43 +1000] "GET /tibia/stats/scroll.gif HTTP/1.1" 304 138 "http://www.eruanno.com/tibia/stats/pzlocked" "Mozilla/4.0 (compatible; MSIE 6.0; Windows NT 5.1; SV1; .NET CLR 1.1.4322; .NET CLR 2.0.50727)"
201.10.23.92 - - [23/Jul/2007:05:37:44 +1000] "GET /tibia/stats/tibstats.css HTTP/1.1" 304 136 "http://www.eruanno.com/tibia/stats/pzlocked.html" "Mozilla/5.0 (Windows; U; Windows NT 5.1; pt-BR; rv:1.8.1.5) Gecko/20070713 Firefox/2.0.0.5"
201.10.23.92 - - [23/Jul/2007:05:37:45 +1000] "GET /tibia/stats/scroll.gif HTTP/1.1" 304 138 "http://www.eruanno.com/tibia/stats/tibstats.css" "Mozilla/5.0 (Windows; U; Windows NT 5.1; pt-BR; rv:1.8.1.5) Gecko/20070713 Firefox/2.0.0.5"
70.50.157.18 - - [23/Jul/2007:05:37:49 +1000] "GET /tibia/stats/pzlocked.html HTTP/1.1" 200 6003 "-" "Mozilla/5.0 (Windows; U; Windows NT 5.1; en-US; rv:1.8.1.5) Gecko/20070713 Firefox/2.0.0.5"
70.50.157.18 - - [23/Jul/2007:05:37:52 +1000] "GET /tibia/stats/tibstats.css HTTP/1.1" 304 136 "http://www.eruanno.com/tibia/stats/pzlocked.html" "Mozilla/5.0 (Windows; U; Windows NT 5.1; en-US; rv:1.8.1.5) Gecko/20070713 Firefox/2.0.0.5"
70.50.157.18 - - [23/Jul/2007:05:37:53 +1000] "GET /tibia/stats/scroll.gif HTTP/1.1" 304 138 "http://www.eruanno.com/tibia/stats/tibstats.css" "Mozilla/5.0 (Windows; U; Windows NT 5.1; en-US; rv:1.8.1.5) Gecko/20070713 Firefox/2.0.0.5"
66.249.67.12 - - [23/Jul/2007:05:38:00 +1000] "GET /tibia/stats/charstats.html?char_name=Tanted%20Blood HTTP/1.1" 200 3119 "-" "Mozilla/5.0 (compatible; Googlebot/2.1; +http://www.google.com/bot.html)"
74.97.21.74 - - [23/Jul/2007:05:37:58 +1000] "GET /tibia/stats/topfrags.html HTTP/1.1" 200 91378 "http://www.eruanno.com/tibia/stats/pzlocked" "Mozilla/4.0 (compatible; MSIE 6.0; Windows NT 5.1; SV1; .NET CLR 1.1.4322; .NET CLR 2.0.50727)"
124.183.67.50 - - [23/Jul/2007:05:38:08 +1000] "GET /tibia/stats/pzlocked.html HTTP/1.1" 302 459 "-" "Opera/9.20 (Windows NT 5.1; U; en)"
201.10.23.92 - - [23/Jul/2007:05:38:08 +1000] "GET /tibia/stats/charstats.html?char_name=Xanil%20Zephu HTTP/1.1" 200 17224 "http://www.eruanno.com/tibia/stats/pzlocked.html" "Mozilla/5.0 (Windows; U; Windows NT 5.1; pt-BR; rv:1.8.1.5) Gecko/20070713 Firefox/2.0.0.5"
124.183.67.50 - - [23/Jul/2007:05:38:08 +1000] "GET /tibia/stats/pzlocked.html HTTP/1.1" 200 6002 "-" "Opera/9.20 (Windows NT 5.1; U; en)"
124.183.67.50 - - [23/Jul/2007:05:38:41 +1000] "GET /tibia/stats/pzlocked.html HTTP/1.1" 302 459 "-" "Opera/9.20 (Windows NT 5.1; U; en)"
77.124.13.122 - - [23/Jul/2007:05:38:39 +1000] "GET /tibia/stats/pzlocked.html HTTP/1.1" 200 6001 "-" "Mozilla/5.0 (Windows; U; Windows NT 5.1; he; rv:1.8.1.5) Gecko/20070713 Firefox/2.0.0.5"
77.124.13.122 - - [23/Jul/2007:05:38:44 +1000] "GET /tibia/stats/tibstats.css HTTP/1.1" 304 136 "http://www.eruanno.com/tibia/stats/pzlocked.html" "Mozilla/5.0 (Windows; U; Windows NT 5.1; he; rv:1.8.1.5) Gecko/20070713 Firefox/2.0.0.5"
124.183.67.50 - - [23/Jul/2007:05:38:42 +1000] "GET /tibia/stats/pzlocked.html HTTP/1.1" 200 6001 "-" "Opera/9.20 (Windows NT 5.1; U; en)"
77.124.13.122 - - [23/Jul/2007:05:38:45 +1000] "GET /tibia/stats/scroll.gif HTTP/1.1" 304 138 "http://www.eruanno.com/tibia/stats/tibstats.css" "Mozilla/5.0 (Windows; U; Windows NT 5.1; he; rv:1.8.1.5) Gecko/20070713 Firefox/2.0.0.5"
70.50.157.18 - - [23/Jul/2007:05:38:53 +1000] "GET /tibia/stats/pzlocked.html HTTP/1.1" 200 6001 "-" "Mozilla/5.0 (Windows; U; Windows NT 5.1; en-US; rv:1.8.1.5) Gecko/20070713 Firefox/2.0.0.5"
70.50.157.18 - - [23/Jul/2007:05:38:57 +1000] "GET /tibia/stats/tibstats.css HTTP/1.1" 304 136 "http://www.eruanno.com/tibia/stats/pzlocked.html" "Mozilla/5.0 (Windows; U; Windows NT 5.1; en-US; rv:1.8.1.5) Gecko/20070713 Firefox/2.0.0.5"
70.50.157.18 - - [23/Jul/2007:05:38:58 +1000] "GET /tibia/stats/scroll.gif HTTP/1.1" 304 138 "http://www.eruanno.com/tibia/stats/tibstats.css" "Mozilla/5.0 (Windows; U; Windows NT 5.1; en-US; rv:1.8.1.5) Gecko/20070713 Firefox/2.0.0.5"
74.97.21.74 - - [23/Jul/2007:05:38:54 +1000] "GET /tibia/stats/eruanno.html HTTP/1.1" 200 824496 "http://www.eruanno.com/tibia/stats/pzlocked" "Mozilla/4.0 (compatible; MSIE 6.0; Windows NT 5.1; SV1; .NET CLR 1.1.4322; .NET CLR 2.0.50727)"
66.249.67.12 - - [23/Jul/2007:05:39:12 +1000] "GET /tibia/stats/charstats.html?char_name=Hells%20ma'boi HTTP/1.1" 200 4464 "-" "Mozilla/5.0 (compatible; Googlebot/2.1; +http://www.google.com/bot.html)"
124.183.67.50 - - [23/Jul/2007:05:39:15 +1000] "GET /tibia/stats/pzlocked.html HTTP/1.1" 302 459 "-" "Opera/9.20 (Windows NT 5.1; U; en)"
124.183.67.50 - - [23/Jul/2007:05:39:15 +1000] "GET /tibia/stats/pzlocked.html HTTP/1.1" 200 6000 "-" "Opera/9.20 (Windows NT 5.1; U; en)"
201.10.23.92 - - [23/Jul/2007:05:39:19 +1000] "GET /tibia/stats/pzlocked.html HTTP/1.1" 200 5999 "-" "Mozilla/5.0 (Windows; U; Windows NT 5.1; pt-BR; rv:1.8.1.5) Gecko/20070713 Firefox/2.0.0.5"
201.10.23.92 - - [23/Jul/2007:05:39:23 +1000] "GET /tibia/stats/tibstats.css HTTP/1.1" 304 136 "http://www.eruanno.com/tibia/stats/pzlocked.html" "Mozilla/5.0 (Windows; U; Windows NT 5.1; pt-BR; rv:1.8.1.5) Gecko/20070713 Firefox/2.0.0.5"
201.10.23.92 - - [23/Jul/2007:05:39:24 +1000] "GET /tibia/stats/scroll.gif HTTP/1.1" 304 138 "http://www.eruanno.com/tibia/stats/tibstats.css" "Mozilla/5.0 (Windows; U; Windows NT 5.1; pt-BR; rv:1.8.1.5) Gecko/20070713 Firefox/2.0.0.5"
77.124.13.122 - - [23/Jul/2007:05:39:45 +1000] "GET /tibia/stats/pzlocked.html HTTP/1.1" 200 5999 "-" "Mozilla/5.0 (Windows; U; Windows NT 5.1; he; rv:1.8.1.5) Gecko/20070713 Firefox/2.0.0.5"
77.124.13.122 - - [23/Jul/2007:05:39:49 +1000] "GET /tibia/stats/tibstats.css HTTP/1.1" 304 136 "http://www.eruanno.com/tibia/stats/pzlocked.html" "Mozilla/5.0 (Windows; U; Windows NT 5.1; he; rv:1.8.1.5) Gecko/20070713 Firefox/2.0.0.5"
124.183.67.50 - - [23/Jul/2007:05:39:49 +1000] "GET /tibia/stats/pzlocked.html HTTP/1.1" 302 459 "-" "Opera/9.20 (Windows NT 5.1; U; en)"
77.124.13.122 - - [23/Jul/2007:05:39:50 +1000] "GET /tibia/stats/scroll.gif HTTP/1.1" 304 138 "http://www.eruanno.com/tibia/stats/tibstats.css" "Mozilla/5.0 (Windows; U; Windows NT 5.1; he; rv:1.8.1.5) Gecko/20070713 Firefox/2.0.0.5"
124.183.67.50 - - [23/Jul/2007:05:39:49 +1000] "GET /tibia/stats/pzlocked.html HTTP/1.1" 200 5999 "-" "Opera/9.20 (Windows NT 5.1; U; en)"
70.50.157.18 - - [23/Jul/2007:05:39:57 +1000] "GET /tibia/stats/pzlocked.html HTTP/1.1" 200 5999 "-" "Mozilla/5.0 (Windows; U; Windows NT 5.1; en-US; rv:1.8.1.5) Gecko/20070713 Firefox/2.0.0.5"
70.50.157.18 - - [23/Jul/2007:05:40:01 +1000] "GET /tibia/stats/tibstats.css HTTP/1.1" 304 136 "http://www.eruanno.com/tibia/stats/pzlocked.html" "Mozilla/5.0 (Windows; U; Windows NT 5.1; en-US; rv:1.8.1.5) Gecko/20070713 Firefox/2.0.0.5"
70.50.157.18 - - [23/Jul/2007:05:40:01 +1000] "GET /tibia/stats/scroll.gif HTTP/1.1" 304 138 "http://www.eruanno.com/tibia/stats/tibstats.css" "Mozilla/5.0 (Windows; U; Windows NT 5.1; en-US; rv:1.8.1.5) Gecko/20070713 Firefox/2.0.0.5"
66.249.67.12 - - [23/Jul/2007:05:40:20 +1000] "GET /tibia/stats/charstats.html?char_name=Rigo%20Demonia HTTP/1.1" 200 3001 "-" "Mozilla/5.0 (compatible; Googlebot/2.1; +http://www.google.com/bot.html)"
124.183.67.50 - - [23/Jul/2007:05:40:23 +1000] "GET /tibia/stats/pzlocked.html HTTP/1.1" 302 459 "-" "Opera/9.20 (Windows NT 5.1; U; en)"
124.183.67.50 - - [23/Jul/2007:05:40:23 +1000] "GET /tibia/stats/pzlocked.html HTTP/1.1" 200 6000 "-" "Opera/9.20 (Windows NT 5.1; U; en)"
201.10.23.92 - - [23/Jul/2007:05:40:24 +1000] "GET /tibia/stats/pzlocked.html HTTP/1.1" 200 6000 "-" "Mozilla/5.0 (Windows; U; Windows NT 5.1; pt-BR; rv:1.8.1.5) Gecko/20070713 Firefox/2.0.0.5"
201.10.23.92 - - [23/Jul/2007:05:40:30 +1000] "GET /tibia/stats/tibstats.css HTTP/1.1" 304 136 "http://www.eruanno.com/tibia/stats/pzlocked.html" "Mozilla/5.0 (Windows; U; Windows NT 5.1; pt-BR; rv:1.8.1.5) Gecko/20070713 Firefox/2.0.0.5"
201.10.23.92 - - [23/Jul/2007:05:40:31 +1000] "GET /tibia/stats/scroll.gif HTTP/1.1" 304 138 "http://www.eruanno.com/tibia/stats/tibstats.css" "Mozilla/5.0 (Windows; U; Windows NT 5.1; pt-BR; rv:1.8.1.5) Gecko/20070713 Firefox/2.0.0.5"
77.124.13.122 - - [23/Jul/2007:05:40:50 +1000] "GET /tibia/stats/pzlocked.html HTTP/1.1" 200 6000 "-" "Mozilla/5.0 (Windows; U; Windows NT 5.1; he; rv:1.8.1.5) Gecko/20070713 Firefox/2.0.0.5"
77.124.13.122 - - [23/Jul/2007:05:40:54 +1000] "GET /tibia/stats/tibstats.css HTTP/1.1" 304 136 "http://www.eruanno.com/tibia/stats/pzlocked.html" "Mozilla/5.0 (Windows; U; Windows NT 5.1; he; rv:1.8.1.5) Gecko/20070713 Firefox/2.0.0.5"
77.124.13.122 - - [23/Jul/2007:05:40:55 +1000] "GET /tibia/stats/scroll.gif HTTP/1.1" 304 138 "http://www.eruanno.com/tibia/stats/tibstats.css" "Mozilla/5.0 (Windows; U; Windows NT 5.1; he; rv:1.8.1.5) Gecko/20070713 Firefox/2.0.0.5"
124.183.67.50 - - [23/Jul/2007:05:40:57 +1000] "GET /tibia/stats/pzlocked.html HTTP/1.1" 302 459 "-" "Opera/9.20 (Windows NT 5.1; U; en)"
124.183.67.50 - - [23/Jul/2007:05:40:57 +1000] "GET /tibia/stats/pzlocked.html HTTP/1.1" 200 6000 "-" "Opera/9.20 (Windows NT 5.1; U; en)"
70.50.157.18 - - [23/Jul/2007:05:41:01 +1000] "GET /tibia/stats/pzlocked.html HTTP/1.1" 200 6000 "-" "Mozilla/5.0 (Windows; U; Windows NT 5.1; en-US; rv:1.8.1.5) Gecko/20070713 Firefox/2.0.0.5"
70.50.157.18 - - [23/Jul/2007:05:41:04 +1000] "GET /tibia/stats/tibstats.css HTTP/1.1" 304 136 "http://www.eruanno.com/tibia/stats/pzlocked.html" "Mozilla/5.0 (Windows; U; Windows NT 5.1; en-US; rv:1.8.1.5) Gecko/20070713 Firefox/2.0.0.5"
70.50.157.18 - - [23/Jul/2007:05:41:05 +1000] "GET /tibia/stats/scroll.gif HTTP/1.1" 304 138 "http://www.eruanno.com/tibia/stats/tibstats.css" "Mozilla/5.0 (Windows; U; Windows NT 5.1; en-US; rv:1.8.1.5) Gecko/20070713 Firefox/2.0.0.5"
65.10.47.4 - - [23/Jul/2007:05:41:20 +1000] "GET / HTTP/1.1" 302 409 "-" "Mozilla/5.0 (Windows; U; Windows NT 5.1; en-US; rv:1.8.1.5) Gecko/20070713 Firefox/2.0.0.5"
65.10.47.4 - - [23/Jul/2007:05:41:21 +1000] "GET / HTTP/1.1" 200 1814 "-" "Mozilla/5.0 (Windows; U; Windows NT 5.1; en-US; rv:1.8.1.5) Gecko/20070713 Firefox/2.0.0.5"
65.10.47.4 - - [23/Jul/2007:05:41:22 +1000] "GET /warning.jpg HTTP/1.1" 200 742 "http://www.eruanno.com/" "Mozilla/5.0 (Windows; U; Windows NT 5.1; en-US; rv:1.8.1.5) Gecko/20070713 Firefox/2.0.0.5"
65.10.47.4 - - [23/Jul/2007:05:41:22 +1000] "GET /favicon.ico HTTP/1.1" 404 1204 "-" "Mozilla/5.0 (Windows; U; Windows NT 5.1; en-US; rv:1.8.1.5) Gecko/20070713 Firefox/2.0.0.5"
74.97.21.74 - - [23/Jul/2007:05:41:19 +1000] "GET /tibia/stats/pzlocked HTTP/1.1" 200 6000 "-" "Mozilla/4.0 (compatible; MSIE 6.0; Windows NT 5.1; SV1; .NET CLR 1.1.4322; .NET CLR 2.0.50727)"
74.97.21.74 - - [23/Jul/2007:05:41:22 +1000] "GET /tibia/stats/tibstats.css HTTP/1.1" 304 136 "http://www.eruanno.com/tibia/stats/pzlocked" "Mozilla/4.0 (compatible; MSIE 6.0; Windows NT 5.1; SV1; .NET CLR 1.1.4322; .NET CLR 2.0.50727)"
74.97.21.74 - - [23/Jul/2007:05:41:23 +1000] "GET /tibia/stats/scroll.gif HTTP/1.1" 304 138 "http://www.eruanno.com/tibia/stats/pzlocked" "Mozilla/4.0 (compatible; MSIE 6.0; Windows NT 5.1; SV1; .NET CLR 1.1.4322; .NET CLR 2.0.50727)"
66.249.67.12 - - [23/Jul/2007:05:41:27 +1000] "GET /tibia/stats/charstats.html?char_name=Johannes-nille HTTP/1.1" 200 3094 "-" "Mozilla/5.0 (compatible; Googlebot/2.1; +http://www.google.com/bot.html)"
124.183.67.50 - - [23/Jul/2007:05:41:30 +1000] "GET /tibia/stats/pzlocked.html HTTP/1.1" 302 459 "-" "Opera/9.20 (Windows NT 5.1; U; en)"
124.183.67.50 - - [23/Jul/2007:05:41:31 +1000] "GET /tibia/stats/pzlocked.html HTTP/1.1" 200 5750 "-" "Opera/9.20 (Windows NT 5.1; U; en)"
201.10.23.92 - - [23/Jul/2007:05:41:31 +1000] "GET /tibia/stats/pzlocked.html HTTP/1.1" 200 5750 "-" "Mozilla/5.0 (Windows; U; Windows NT 5.1; pt-BR; rv:1.8.1.5) Gecko/20070713 Firefox/2.0.0.5"
65.10.47.4 - - [23/Jul/2007:05:41:30 +1000] "GET /tibia/stats/pzlocked.html HTTP/1.1" 200 5999 "http://www.eruanno.com/" "Mozilla/5.0 (Windows; U; Windows NT 5.1; en-US; rv:1.8.1.5) Gecko/20070713 Firefox/2.0.0.5"
65.10.47.4 - - [23/Jul/2007:05:41:36 +1000] "GET /tibia/stats/pzlocked.html HTTP/1.1" 200 5750 "http://www.eruanno.com/" "Mozilla/5.0 (Windows; U; Windows NT 5.1; en-US; rv:1.8.1.5) Gecko/20070713 Firefox/2.0.0.5"
65.10.47.4 - - [23/Jul/2007:05:41:41 +1000] "GET /tibia/stats/tibstats.css HTTP/1.1" 200 2132 "http://www.eruanno.com/tibia/stats/pzlocked.html" "Mozilla/5.0 (Windows; U; Windows NT 5.1; en-US; rv:1.8.1.5) Gecko/20070713 Firefox/2.0.0.5"
201.10.23.92 - - [23/Jul/2007:05:41:42 +1000] "GET /tibia/stats/tibstats.css HTTP/1.1" 304 136 "http://www.eruanno.com/tibia/stats/pzlocked.html" "Mozilla/5.0 (Windows; U; Windows NT 5.1; pt-BR; rv:1.8.1.5) Gecko/20070713 Firefox/2.0.0.5"
65.10.47.4 - - [23/Jul/2007:05:41:42 +1000] "GET /tibia/stats/scroll.gif HTTP/1.1" 200 8444 "http://www.eruanno.com/tibia/stats/tibstats.css" "Mozilla/5.0 (Windows; U; Windows NT 5.1; en-US; rv:1.8.1.5) Gecko/20070713 Firefox/2.0.0.5"
201.10.23.92 - - [23/Jul/2007:05:41:43 +1000] "GET /tibia/stats/scroll.gif HTTP/1.1" 304 138 "http://www.eruanno.com/tibia/stats/tibstats.css" "Mozilla/5.0 (Windows; U; Windows NT 5.1; pt-BR; rv:1.8.1.5) Gecko/20070713 Firefox/2.0.0.5"
65.10.47.4 - - [23/Jul/2007:05:41:50 +1000] "GET /tibia/stats/charstats.html?char_name=Nath%20Fert HTTP/1.1" 200 5263 "http://www.eruanno.com/tibia/stats/pzlocked.html" "Mozilla/5.0 (Windows; U; Windows NT 5.1; en-US; rv:1.8.1.5) Gecko/20070713 Firefox/2.0.0.5"
77.124.13.122 - - [23/Jul/2007:05:41:55 +1000] "GET /tibia/stats/pzlocked.html HTTP/1.1" 200 5750 "-" "Mozilla/5.0 (Windows; U; Windows NT 5.1; he; rv:1.8.1.5) Gecko/20070713 Firefox/2.0.0.5"
77.124.13.122 - - [23/Jul/2007:05:41:59 +1000] "GET /tibia/stats/tibstats.css HTTP/1.1" 304 136 "http://www.eruanno.com/tibia/stats/pzlocked.html" "Mozilla/5.0 (Windows; U; Windows NT 5.1; he; rv:1.8.1.5) Gecko/20070713 Firefox/2.0.0.5"
77.124.13.122 - - [23/Jul/2007:05:42:00 +1000] "GET /tibia/stats/scroll.gif HTTP/1.1" 304 138 "http://www.eruanno.com/tibia/stats/tibstats.css" "Mozilla/5.0 (Windows; U; Windows NT 5.1; he; rv:1.8.1.5) Gecko/20070713 Firefox/2.0.0.5"
124.183.67.50 - - [23/Jul/2007:05:42:08 +1000] "GET /tibia/stats/pzlocked.html HTTP/1.1" 302 459 "-" "Opera/9.20 (Windows NT 5.1; U; en)"
70.50.157.18 - - [23/Jul/2007:05:42:05 +1000] "GET /tibia/stats/pzlocked.html HTTP/1.1" 200 6567 "-" "Mozilla/5.0 (Windows; U; Windows NT 5.1; en-US; rv:1.8.1.5) Gecko/20070713 Firefox/2.0.0.5"
65.10.47.4 - - [23/Jul/2007:05:42:04 +1000] "GET /tibia/stats/pzlocked.html HTTP/1.1" 200 6567 "http://www.eruanno.com/tibia/stats/pzlocked.html" "Mozilla/5.0 (Windows; U; Windows NT 5.1; en-US; rv:1.8.1.5) Gecko/20070713 Firefox/2.0.0.5"
70.50.157.18 - - [23/Jul/2007:05:42:10 +1000] "GET /tibia/stats/tibstats.css HTTP/1.1" 304 136 "http://www.eruanno.com/tibia/stats/pzlocked.html" "Mozilla/5.0 (Windows; U; Windows NT 5.1; en-US; rv:1.8.1.5) Gecko/20070713 Firefox/2.0.0.5"
70.50.157.18 - - [23/Jul/2007:05:42:11 +1000] "GET /tibia/stats/scroll.gif HTTP/1.1" 304 138 "http://www.eruanno.com/tibia/stats/tibstats.css" "Mozilla/5.0 (Windows; U; Windows NT 5.1; en-US; rv:1.8.1.5) Gecko/20070713 Firefox/2.0.0.5"
124.183.67.50 - - [23/Jul/2007:05:42:08 +1000] "GET /tibia/stats/pzlocked.html HTTP/1.1" 200 6567 "-" "Opera/9.20 (Windows NT 5.1; U; en)"
65.10.47.4 - - [23/Jul/2007:05:42:19 +1000] "GET /tibia/stats/topfrags.html HTTP/1.1" 200 13068 "http://www.eruanno.com/tibia/stats/pzlocked.html" "Mozilla/5.0 (Windows; U; Windows NT 5.1; en-US; rv:1.8.1.5) Gecko/20070713 Firefox/2.0.0.5"
65.10.47.4 - - [23/Jul/2007:05:42:24 +1000] "GET /tibia/stats/charstats.html?char_name=Zodeer HTTP/1.1" 200 4757 "http://www.eruanno.com/tibia/stats/pzlocked.html" "Mozilla/5.0 (Windows; U; Windows NT 5.1; en-US; rv:1.8.1.5) Gecko/20070713 Firefox/2.0.0.5"
65.10.47.4 - - [23/Jul/2007:05:42:22 +1000] "GET /tibia/stats/topfrags.html HTTP/1.1" 200 13068 "http://www.eruanno.com/tibia/stats/pzlocked.html" "Mozilla/5.0 (Windows; U; Windows NT 5.1; en-US; rv:1.8.1.5) Gecko/20070713 Firefox/2.0.0.5"
74.97.21.74 - - [23/Jul/2007:05:42:23 +1000] "GET /tibia/stats/pzlocked HTTP/1.1" 200 6566 "-" "Mozilla/4.0 (compatible; MSIE 6.0; Windows NT 5.1; SV1; .NET CLR 1.1.4322; .NET CLR 2.0.50727)"
74.97.21.74 - - [23/Jul/2007:05:42:27 +1000] "GET /tibia/stats/tibstats.css HTTP/1.1" 304 136 "http://www.eruanno.com/tibia/stats/pzlocked" "Mozilla/4.0 (compatible; MSIE 6.0; Windows NT 5.1; SV1; .NET CLR 1.1.4322; .NET CLR 2.0.50727)"
74.97.21.74 - - [23/Jul/2007:05:42:27 +1000] "GET /tibia/stats/scroll.gif HTTP/1.1" 304 138 "http://www.eruanno.com/tibia/stats/pzlocked" "Mozilla/4.0 (compatible; MSIE 6.0; Windows NT 5.1; SV1; .NET CLR 1.1.4322; .NET CLR 2.0.50727)"
65.10.47.4 - - [23/Jul/2007:05:42:34 +1000] "GET /tibia/stats/charstats.html?char_name=shinuchi+sakabatou HTTP/1.1" 200 2368 "http://www.eruanno.com/tibia/stats/charstats.html?char_name=Zodeer" "Mozilla/5.0 (Windows; U; Windows NT 5.1; en-US; rv:1.8.1.5) Gecko/20070713 Firefox/2.0.0.5"
66.249.67.12 - - [23/Jul/2007:05:42:35 +1000] "GET /tibia/stats/charstats.html?char_name=Sasuke%20Hokae HTTP/1.1" 200 3540 "-" "Mozilla/5.0 (compatible; Googlebot/2.1; +http://www.google.com/bot.html)"
124.183.67.50 - - [23/Jul/2007:05:42:43 +1000] "GET /tibia/stats/pzlocked.html HTTP/1.1" 302 459 "-" "Opera/9.20 (Windows NT 5.1; U; en)"
124.183.67.50 - - [23/Jul/2007:05:42:43 +1000] "GET /tibia/stats/pzlocked.html HTTP/1.1" 200 6568 "-" "Opera/9.20 (Windows NT 5.1; U; en)"
65.10.47.4 - - [23/Jul/2007:05:42:49 +1000] "GET /tibia/stats/charstats.html?char_name=Doga%20Metro HTTP/1.1" 200 6376 "http://www.eruanno.com/tibia/stats/pzlocked.html" "Mozilla/5.0 (Windows; U; Windows NT 5.1; en-US; rv:1.8.1.5) Gecko/20070713 Firefox/2.0.0.5"
201.10.23.92 - - [23/Jul/2007:05:42:43 +1000] "GET /tibia/stats/pzlocked.html HTTP/1.1" 200 6568 "-" "Mozilla/5.0 (Windows; U; Windows NT 5.1; pt-BR; rv:1.8.1.5) Gecko/20070713 Firefox/2.0.0.5"
65.10.47.4 - - [23/Jul/2007:05:42:54 +1000] "GET /tibia/stats/charstats.html?char_name=Doga%20Metro HTTP/1.1" 200 6376 "http://www.eruanno.com/tibia/stats/pzlocked.html" "Mozilla/5.0 (Windows; U; Windows NT 5.1; en-US; rv:1.8.1.5) Gecko/20070713 Firefox/2.0.0.5"
201.10.23.92 - - [23/Jul/2007:05:42:55 +1000] "GET /tibia/stats/tibstats.css HTTP/1.1" 304 136 "http://www.eruanno.com/tibia/stats/pzlocked.html" "Mozilla/5.0 (Windows; U; Windows NT 5.1; pt-BR; rv:1.8.1.5) Gecko/20070713 Firefox/2.0.0.5"
201.10.23.92 - - [23/Jul/2007:05:42:56 +1000] "GET /tibia/stats/scroll.gif HTTP/1.1" 304 138 "http://www.eruanno.com/tibia/stats/tibstats.css" "Mozilla/5.0 (Windows; U; Windows NT 5.1; pt-BR; rv:1.8.1.5) Gecko/20070713 Firefox/2.0.0.5"
65.10.47.4 - - [23/Jul/2007:05:42:57 +1000] "GET /tibia/stats/charstats.html?char_name=Evil%20Knevel HTTP/1.1" 200 4301 "http://www.eruanno.com/tibia/stats/pzlocked.html" "Mozilla/5.0 (Windows; U; Windows NT 5.1; en-US; rv:1.8.1.5) Gecko/20070713 Firefox/2.0.0.5"
65.10.47.4 - - [23/Jul/2007:05:43:03 +1000] "GET /tibia/stats/charstats.html?char_name=karmakula+ninja HTTP/1.1" 200 1374 "http://www.eruanno.com/tibia/stats/charstats.html?char_name=Evil%20Knevel" "Mozilla/5.0 (Windows; U; Windows NT 5.1; en-US; rv:1.8.1.5) Gecko/20070713 Firefox/2.0.0.5"
77.124.13.122 - - [23/Jul/2007:05:43:00 +1000] "GET /tibia/stats/pzlocked.html HTTP/1.1" 200 6568 "-" "Mozilla/5.0 (Windows; U; Windows NT 5.1; he; rv:1.8.1.5) Gecko/20070713 Firefox/2.0.0.5"
77.124.13.122 - - [23/Jul/2007:05:43:04 +1000] "GET /tibia/stats/tibstats.css HTTP/1.1" 304 136 "http://www.eruanno.com/tibia/stats/pzlocked.html" "Mozilla/5.0 (Windows; U; Windows NT 5.1; he; rv:1.8.1.5) Gecko/20070713 Firefox/2.0.0.5"
77.124.13.122 - - [23/Jul/2007:05:43:05 +1000] "GET /tibia/stats/scroll.gif HTTP/1.1" 304 138 "http://www.eruanno.com/tibia/stats/tibstats.css" "Mozilla/5.0 (Windows; U; Windows NT 5.1; he; rv:1.8.1.5) Gecko/20070713 Firefox/2.0.0.5"
65.10.47.4 - - [23/Jul/2007:05:43:13 +1000] "GET /tibia/stats/charstats.html?char_name=moonbay HTTP/1.1" 200 5221 "http://www.eruanno.com/tibia/stats/charstats.html?char_name=karmakula+ninja" "Mozilla/5.0 (Windows; U; Windows NT 5.1; en-US; rv:1.8.1.5) Gecko/20070713 Firefox/2.0.0.5"
70.50.157.18 - - [23/Jul/2007:05:43:11 +1000] "GET /tibia/stats/pzlocked.html HTTP/1.1" 200 6568 "-" "Mozilla/5.0 (Windows; U; Windows NT 5.1; en-US; rv:1.8.1.5) Gecko/20070713 Firefox/2.0.0.5"
70.50.157.18 - - [23/Jul/2007:05:43:15 +1000] "GET /tibia/stats/tibstats.css HTTP/1.1" 304 136 "http://www.eruanno.com/tibia/stats/pzlocked.html" "Mozilla/5.0 (Windows; U; Windows NT 5.1; en-US; rv:1.8.1.5) Gecko/20070713 Firefox/2.0.0.5"
70.50.157.18 - - [23/Jul/2007:05:43:16 +1000] "GET /tibia/stats/scroll.gif HTTP/1.1" 304 138 "http://www.eruanno.com/tibia/stats/tibstats.css" "Mozilla/5.0 (Windows; U; Windows NT 5.1; en-US; rv:1.8.1.5) Gecko/20070713 Firefox/2.0.0.5"
124.183.67.50 - - [23/Jul/2007:05:43:19 +1000] "GET /tibia/stats/pzlocked.html HTTP/1.1" 302 459 "-" "Opera/9.20 (Windows NT 5.1; U; en)"
65.10.47.4 - - [23/Jul/2007:05:43:21 +1000] "GET /tibia/stats/charstats.html?char_name=lowix HTTP/1.1" 200 3358 "http://www.eruanno.com/tibia/stats/charstats.html?char_name=moonbay" "Mozilla/5.0 (Windows; U; Windows NT 5.1; en-US; rv:1.8.1.5) Gecko/20070713 Firefox/2.0.0.5"
124.183.67.50 - - [23/Jul/2007:05:43:19 +1000] "GET /tibia/stats/pzlocked.html HTTP/1.1" 200 6568 "-" "Opera/9.20 (Windows NT 5.1; U; en)"
74.97.21.74 - - [23/Jul/2007:05:43:28 +1000] "GET /tibia/stats/pzlocked HTTP/1.1" 200 6568 "-" "Mozilla/4.0 (compatible; MSIE 6.0; Windows NT 5.1; SV1; .NET CLR 1.1.4322; .NET CLR 2.0.50727)"
74.97.21.74 - - [23/Jul/2007:05:43:31 +1000] "GET /tibia/stats/tibstats.css HTTP/1.1" 304 136 "http://www.eruanno.com/tibia/stats/pzlocked" "Mozilla/4.0 (compatible; MSIE 6.0; Windows NT 5.1; SV1; .NET CLR 1.1.4322; .NET CLR 2.0.50727)"
74.97.21.74 - - [23/Jul/2007:05:43:32 +1000] "GET /tibia/stats/scroll.gif HTTP/1.1" 304 138 "http://www.eruanno.com/tibia/stats/pzlocked" "Mozilla/4.0 (compatible; MSIE 6.0; Windows NT 5.1; SV1; .NET CLR 1.1.4322; .NET CLR 2.0.50727)"
66.249.67.12 - - [23/Jul/2007:05:43:41 +1000] "GET /tibia/stats/charstats.html?char_name=Draher%20Druid HTTP/1.1" 200 4529 "-" "Mozilla/5.0 (compatible; Googlebot/2.1; +http://www.google.com/bot.html)"
65.10.47.4 - - [23/Jul/2007:05:43:48 +1000] "GET /tibia/stats/charstats.html?char_name=nuttymiked HTTP/1.1" 200 5230 "http://www.eruanno.com/tibia/stats/charstats.html?char_name=lowix" "Mozilla/5.0 (Windows; U; Windows NT 5.1; en-US; rv:1.8.1.5) Gecko/20070713 Firefox/2.0.0.5"
124.183.67.50 - - [23/Jul/2007:05:43:53 +1000] "GET /tibia/stats/pzlocked.html HTTP/1.1" 302 459 "-" "Opera/9.20 (Windows NT 5.1; U; en)"
124.183.67.50 - - [23/Jul/2007:05:43:53 +1000] "GET /tibia/stats/pzlocked.html HTTP/1.1" 200 6568 "-" "Opera/9.20 (Windows NT 5.1; U; en)"
201.10.23.92 - - [23/Jul/2007:05:43:56 +1000] "GET /tibia/stats/pzlocked.html HTTP/1.1" 200 6568 "-" "Mozilla/5.0 (Windows; U; Windows NT 5.1; pt-BR; rv:1.8.1.5) Gecko/20070713 Firefox/2.0.0.5"
201.10.23.92 - - [23/Jul/2007:05:44:01 +1000] "GET /tibia/stats/tibstats.css HTTP/1.1" 304 136 "http://www.eruanno.com/tibia/stats/pzlocked.html" "Mozilla/5.0 (Windows; U; Windows NT 5.1; pt-BR; rv:1.8.1.5) Gecko/20070713 Firefox/2.0.0.5"
201.10.23.92 - - [23/Jul/2007:05:44:02 +1000] "GET /tibia/stats/scroll.gif HTTP/1.1" 304 138 "http://www.eruanno.com/tibia/stats/tibstats.css" "Mozilla/5.0 (Windows; U; Windows NT 5.1; pt-BR; rv:1.8.1.5) Gecko/20070713 Firefox/2.0.0.5"
77.124.13.122 - - [23/Jul/2007:05:44:05 +1000] "GET /tibia/stats/pzlocked.html HTTP/1.1" 200 6568 "-" "Mozilla/5.0 (Windows; U; Windows NT 5.1; he; rv:1.8.1.5) Gecko/20070713 Firefox/2.0.0.5"
77.124.13.122 - - [23/Jul/2007:05:44:09 +1000] "GET /tibia/stats/tibstats.css HTTP/1.1" 304 136 "http://www.eruanno.com/tibia/stats/pzlocked.html" "Mozilla/5.0 (Windows; U; Windows NT 5.1; he; rv:1.8.1.5) Gecko/20070713 Firefox/2.0.0.5"
77.124.13.122 - - [23/Jul/2007:05:44:10 +1000] "GET /tibia/stats/scroll.gif HTTP/1.1" 304 138 "http://www.eruanno.com/tibia/stats/tibstats.css" "Mozilla/5.0 (Windows; U; Windows NT 5.1; he; rv:1.8.1.5) Gecko/20070713 Firefox/2.0.0.5"
70.50.157.18 - - [23/Jul/2007:05:44:16 +1000] "GET /tibia/stats/pzlocked.html HTTP/1.1" 200 6217 "-" "Mozilla/5.0 (Windows; U; Windows NT 5.1; en-US; rv:1.8.1.5) Gecko/20070713 Firefox/2.0.0.5"
70.50.157.18 - - [23/Jul/2007:05:44:19 +1000] "GET /tibia/stats/tibstats.css HTTP/1.1" 304 136 "http://www.eruanno.com/tibia/stats/pzlocked.html" "Mozilla/5.0 (Windows; U; Windows NT 5.1; en-US; rv:1.8.1.5) Gecko/20070713 Firefox/2.0.0.5"
70.50.157.18 - - [23/Jul/2007:05:44:20 +1000] "GET /tibia/stats/scroll.gif HTTP/1.1" 304 138 "http://www.eruanno.com/tibia/stats/tibstats.css" "Mozilla/5.0 (Windows; U; Windows NT 5.1; en-US; rv:1.8.1.5) Gecko/20070713 Firefox/2.0.0.5"
124.183.67.50 - - [23/Jul/2007:05:44:27 +1000] "GET /tibia/stats/pzlocked.html HTTP/1.1" 302 459 "-" "Opera/9.20 (Windows NT 5.1; U; en)"
124.183.67.50 - - [23/Jul/2007:05:44:27 +1000] "GET /tibia/stats/pzlocked.html HTTP/1.1" 200 6217 "-" "Opera/9.20 (Windows NT 5.1; U; en)"
74.97.21.74 - - [23/Jul/2007:05:44:32 +1000] "GET /tibia/stats/pzlocked HTTP/1.1" 200 6217 "-" "Mozilla/4.0 (compatible; MSIE 6.0; Windows NT 5.1; SV1; .NET CLR 1.1.4322; .NET CLR 2.0.50727)"
74.97.21.74 - - [23/Jul/2007:05:44:35 +1000] "GET /tibia/stats/tibstats.css HTTP/1.1" 304 136 "http://www.eruanno.com/tibia/stats/pzlocked" "Mozilla/4.0 (compatible; MSIE 6.0; Windows NT 5.1; SV1; .NET CLR 1.1.4322; .NET CLR 2.0.50727)"
74.97.21.74 - - [23/Jul/2007:05:44:35 +1000] "GET /tibia/stats/scroll.gif HTTP/1.1" 304 138 "http://www.eruanno.com/tibia/stats/pzlocked" "Mozilla/4.0 (compatible; MSIE 6.0; Windows NT 5.1; SV1; .NET CLR 1.1.4322; .NET CLR 2.0.50727)"
66.249.67.12 - - [23/Jul/2007:05:44:51 +1000] "GET /tibia/stats/charstats.html?char_name=Reiven%20Lotus HTTP/1.1" 200 6454 "-" "Mozilla/5.0 (compatible; Googlebot/2.1; +http://www.google.com/bot.html)"
124.183.67.50 - - [23/Jul/2007:05:45:01 +1000] "GET /tibia/stats/pzlocked.html HTTP/1.1" 302 459 "-" "Opera/9.20 (Windows NT 5.1; U; en)"
124.183.67.50 - - [23/Jul/2007:05:45:01 +1000] "GET /tibia/stats/pzlocked.html HTTP/1.1" 200 6216 "-" "Opera/9.20 (Windows NT 5.1; U; en)"
201.10.23.92 - - [23/Jul/2007:05:45:02 +1000] "GET /tibia/stats/pzlocked.html HTTP/1.1" 200 6216 "-" "Mozilla/5.0 (Windows; U; Windows NT 5.1; pt-BR; rv:1.8.1.5) Gecko/20070713 Firefox/2.0.0.5"
77.124.13.122 - - [23/Jul/2007:05:45:11 +1000] "GET /tibia/stats/pzlocked.html HTTP/1.1" 200 6558 "-" "Mozilla/5.0 (Windows; U; Windows NT 5.1; he; rv:1.8.1.5) Gecko/20070713 Firefox/2.0.0.5"
77.124.13.122 - - [23/Jul/2007:05:45:16 +1000] "GET /tibia/stats/tibstats.css HTTP/1.1" 304 136 "http://www.eruanno.com/tibia/stats/pzlocked.html" "Mozilla/5.0 (Windows; U; Windows NT 5.1; he; rv:1.8.1.5) Gecko/20070713 Firefox/2.0.0.5"
77.124.13.122 - - [23/Jul/2007:05:45:17 +1000] "GET /tibia/stats/scroll.gif HTTP/1.1" 304 138 "http://www.eruanno.com/tibia/stats/tibstats.css" "Mozilla/5.0 (Windows; U; Windows NT 5.1; he; rv:1.8.1.5) Gecko/20070713 Firefox/2.0.0.5"
201.10.23.92 - - [23/Jul/2007:05:45:17 +1000] "GET /tibia/stats/tibstats.css HTTP/1.1" 304 136 "http://www.eruanno.com/tibia/stats/pzlocked.html" "Mozilla/5.0 (Windows; U; Windows NT 5.1; pt-BR; rv:1.8.1.5) Gecko/20070713 Firefox/2.0.0.5"
201.10.23.92 - - [23/Jul/2007:05:45:18 +1000] "GET /tibia/stats/scroll.gif HTTP/1.1" 304 138 "http://www.eruanno.com/tibia/stats/tibstats.css" "Mozilla/5.0 (Windows; U; Windows NT 5.1; pt-BR; rv:1.8.1.5) Gecko/20070713 Firefox/2.0.0.5"
70.50.157.18 - - [23/Jul/2007:05:45:20 +1000] "GET /tibia/stats/pzlocked.html HTTP/1.1" 200 6558 "-" "Mozilla/5.0 (Windows; U; Windows NT 5.1; en-US; rv:1.8.1.5) Gecko/20070713 Firefox/2.0.0.5"
70.50.157.18 - - [23/Jul/2007:05:45:23 +1000] "GET /tibia/stats/tibstats.css HTTP/1.1" 304 136 "http://www.eruanno.com/tibia/stats/pzlocked.html" "Mozilla/5.0 (Windows; U; Windows NT 5.1; en-US; rv:1.8.1.5) Gecko/20070713 Firefox/2.0.0.5"
70.50.157.18 - - [23/Jul/2007:05:45:24 +1000] "GET /tibia/stats/scroll.gif HTTP/1.1" 304 138 "http://www.eruanno.com/tibia/stats/tibstats.css" "Mozilla/5.0 (Windows; U; Windows NT 5.1; en-US; rv:1.8.1.5) Gecko/20070713 Firefox/2.0.0.5"
74.97.21.74 - - [23/Jul/2007:05:45:36 +1000] "GET /tibia/stats/pzlocked HTTP/1.1" 200 6556 "-" "Mozilla/4.0 (compatible; MSIE 6.0; Windows NT 5.1; SV1; .NET CLR 1.1.4322; .NET CLR 2.0.50727)"
74.97.21.74 - - [23/Jul/2007:05:45:39 +1000] "GET /tibia/stats/tibstats.css HTTP/1.1" 304 136 "http://www.eruanno.com/tibia/stats/pzlocked" "Mozilla/4.0 (compatible; MSIE 6.0; Windows NT 5.1; SV1; .NET CLR 1.1.4322; .NET CLR 2.0.50727)"
74.97.21.74 - - [23/Jul/2007:05:45:39 +1000] "GET /tibia/stats/scroll.gif HTTP/1.1" 304 138 "http://www.eruanno.com/tibia/stats/pzlocked" "Mozilla/4.0 (compatible; MSIE 6.0; Windows NT 5.1; SV1; .NET CLR 1.1.4322; .NET CLR 2.0.50727)"
124.183.67.50 - - [23/Jul/2007:05:45:40 +1000] "GET /tibia/stats/pzlocked.html HTTP/1.1" 302 459 "-" "Opera/9.20 (Windows NT 5.1; U; en)"
124.183.67.50 - - [23/Jul/2007:05:45:41 +1000] "GET /tibia/stats/pzlocked.html HTTP/1.1" 200 6556 "-" "Opera/9.20 (Windows NT 5.1; U; en)"
66.249.67.12 - - [23/Jul/2007:05:46:03 +1000] "GET /tibia/stats/charstats.html?char_name=Angus%20Mcbeef HTTP/1.1" 200 4455 "-" "Mozilla/5.0 (compatible; Googlebot/2.1; +http://www.google.com/bot.html)"
124.183.67.50 - - [23/Jul/2007:05:46:14 +1000] "GET /tibia/stats/pzlocked.html HTTP/1.1" 302 459 "-" "Opera/9.20 (Windows NT 5.1; U; en)"
124.183.67.50 - - [23/Jul/2007:05:46:14 +1000] "GET /tibia/stats/pzlocked.html HTTP/1.1" 200 6557 "-" "Opera/9.20 (Windows NT 5.1; U; en)"
77.124.13.122 - - [23/Jul/2007:05:46:17 +1000] "GET /tibia/stats/pzlocked.html HTTP/1.1" 200 6557 "-" "Mozilla/5.0 (Windows; U; Windows NT 5.1; he; rv:1.8.1.5) Gecko/20070713 Firefox/2.0.0.5"
201.10.23.92 - - [23/Jul/2007:05:46:18 +1000] "GET /tibia/stats/pzlocked.html HTTP/1.1" 200 6557 "-" "Mozilla/5.0 (Windows; U; Windows NT 5.1; pt-BR; rv:1.8.1.5) Gecko/20070713 Firefox/2.0.0.5"
77.124.13.122 - - [23/Jul/2007:05:46:23 +1000] "GET /tibia/stats/tibstats.css HTTP/1.1" 304 136 "http://www.eruanno.com/tibia/stats/pzlocked.html" "Mozilla/5.0 (Windows; U; Windows NT 5.1; he; rv:1.8.1.5) Gecko/20070713 Firefox/2.0.0.5"
77.124.13.122 - - [23/Jul/2007:05:46:24 +1000] "GET /tibia/stats/scroll.gif HTTP/1.1" 304 138 "http://www.eruanno.com/tibia/stats/tibstats.css" "Mozilla/5.0 (Windows; U; Windows NT 5.1; he; rv:1.8.1.5) Gecko/20070713 Firefox/2.0.0.5"
201.10.23.92 - - [23/Jul/2007:05:46:25 +1000] "GET /tibia/stats/tibstats.css HTTP/1.1" 304 136 "http://www.eruanno.com/tibia/stats/pzlocked.html" "Mozilla/5.0 (Windows; U; Windows NT 5.1; pt-BR; rv:1.8.1.5) Gecko/20070713 Firefox/2.0.0.5"
201.10.23.92 - - [23/Jul/2007:05:46:26 +1000] "GET /tibia/stats/scroll.gif HTTP/1.1" 304 138 "http://www.eruanno.com/tibia/stats/tibstats.css" "Mozilla/5.0 (Windows; U; Windows NT 5.1; pt-BR; rv:1.8.1.5) Gecko/20070713 Firefox/2.0.0.5"
70.50.157.18 - - [23/Jul/2007:05:46:24 +1000] "GET /tibia/stats/pzlocked.html HTTP/1.1" 200 6312 "-" "Mozilla/5.0 (Windows; U; Windows NT 5.1; en-US; rv:1.8.1.5) Gecko/20070713 Firefox/2.0.0.5"
70.50.157.18 - - [23/Jul/2007:05:46:30 +1000] "GET /tibia/stats/tibstats.css HTTP/1.1" 304 136 "http://www.eruanno.com/tibia/stats/pzlocked.html" "Mozilla/5.0 (Windows; U; Windows NT 5.1; en-US; rv:1.8.1.5) Gecko/20070713 Firefox/2.0.0.5"
70.50.157.18 - - [23/Jul/2007:05:46:30 +1000] "GET /tibia/stats/scroll.gif HTTP/1.1" 304 138 "http://www.eruanno.com/tibia/stats/tibstats.css" "Mozilla/5.0 (Windows; U; Windows NT 5.1; en-US; rv:1.8.1.5) Gecko/20070713 Firefox/2.0.0.5"
74.97.21.74 - - [23/Jul/2007:05:46:40 +1000] "GET /tibia/stats/pzlocked HTTP/1.1" 200 5730 "-" "Mozilla/4.0 (compatible; MSIE 6.0; Windows NT 5.1; SV1; .NET CLR 1.1.4322; .NET CLR 2.0.50727)"
74.97.21.74 - - [23/Jul/2007:05:46:43 +1000] "GET /tibia/stats/tibstats.css HTTP/1.1" 304 136 "http://www.eruanno.com/tibia/stats/pzlocked" "Mozilla/4.0 (compatible; MSIE 6.0; Windows NT 5.1; SV1; .NET CLR 1.1.4322; .NET CLR 2.0.50727)"
74.97.21.74 - - [23/Jul/2007:05:46:43 +1000] "GET /tibia/stats/scroll.gif HTTP/1.1" 304 138 "http://www.eruanno.com/tibia/stats/pzlocked" "Mozilla/4.0 (compatible; MSIE 6.0; Windows NT 5.1; SV1; .NET CLR 1.1.4322; .NET CLR 2.0.50727)"
124.183.67.50 - - [23/Jul/2007:05:46:48 +1000] "GET /tibia/stats/pzlocked.html HTTP/1.1" 302 459 "-" "Opera/9.20 (Windows NT 5.1; U; en)"
124.183.67.50 - - [23/Jul/2007:05:46:48 +1000] "GET /tibia/stats/pzlocked.html HTTP/1.1" 200 5730 "-" "Opera/9.20 (Windows NT 5.1; U; en)"
124.183.67.50 - - [23/Jul/2007:05:47:22 +1000] "GET /tibia/stats/pzlocked.html HTTP/1.1" 302 459 "-" "Opera/9.20 (Windows NT 5.1; U; en)"
124.183.67.50 - - [23/Jul/2007:05:47:22 +1000] "GET /tibia/stats/pzlocked.html HTTP/1.1" 200 6438 "-" "Opera/9.20 (Windows NT 5.1; U; en)"
77.124.13.122 - - [23/Jul/2007:05:47:26 +1000] "GET /tibia/stats/pzlocked.html HTTP/1.1" 200 6438 "-" "Mozilla/5.0 (Windows; U; Windows NT 5.1; he; rv:1.8.1.5) Gecko/20070713 Firefox/2.0.0.5"
201.10.23.92 - - [23/Jul/2007:05:47:26 +1000] "GET /tibia/stats/pzlocked.html HTTP/1.1" 200 6438 "-" "Mozilla/5.0 (Windows; U; Windows NT 5.1; pt-BR; rv:1.8.1.5) Gecko/20070713 Firefox/2.0.0.5"
77.124.13.122 - - [23/Jul/2007:05:47:33 +1000] "GET /tibia/stats/tibstats.css HTTP/1.1" 304 136 "http://www.eruanno.com/tibia/stats/pzlocked.html" "Mozilla/5.0 (Windows; U; Windows NT 5.1; he; rv:1.8.1.5) Gecko/20070713 Firefox/2.0.0.5"
77.124.13.122 - - [23/Jul/2007:05:47:34 +1000] "GET /tibia/stats/scroll.gif HTTP/1.1" 304 138 "http://www.eruanno.com/tibia/stats/tibstats.css" "Mozilla/5.0 (Windows; U; Windows NT 5.1; he; rv:1.8.1.5) Gecko/20070713 Firefox/2.0.0.5"
201.10.23.92 - - [23/Jul/2007:05:47:34 +1000] "GET /tibia/stats/tibstats.css HTTP/1.1" 304 136 "http://www.eruanno.com/tibia/stats/pzlocked.html" "Mozilla/5.0 (Windows; U; Windows NT 5.1; pt-BR; rv:1.8.1.5) Gecko/20070713 Firefox/2.0.0.5"
70.50.157.18 - - [23/Jul/2007:05:47:31 +1000] "GET /tibia/stats/pzlocked.html HTTP/1.1" 200 6437 "-" "Mozilla/5.0 (Windows; U; Windows NT 5.1; en-US; rv:1.8.1.5) Gecko/20070713 Firefox/2.0.0.5"
201.10.23.92 - - [23/Jul/2007:05:47:35 +1000] "GET /tibia/stats/scroll.gif HTTP/1.1" 304 138 "http://www.eruanno.com/tibia/stats/tibstats.css" "Mozilla/5.0 (Windows; U; Windows NT 5.1; pt-BR; rv:1.8.1.5) Gecko/20070713 Firefox/2.0.0.5"
70.50.157.18 - - [23/Jul/2007:05:47:36 +1000] "GET /tibia/stats/tibstats.css HTTP/1.1" 304 136 "http://www.eruanno.com/tibia/stats/pzlocked.html" "Mozilla/5.0 (Windows; U; Windows NT 5.1; en-US; rv:1.8.1.5) Gecko/20070713 Firefox/2.0.0.5"
70.50.157.18 - - [23/Jul/2007:05:47:37 +1000] "GET /tibia/stats/scroll.gif HTTP/1.1" 304 138 "http://www.eruanno.com/tibia/stats/tibstats.css" "Mozilla/5.0 (Windows; U; Windows NT 5.1; en-US; rv:1.8.1.5) Gecko/20070713 Firefox/2.0.0.5"
74.97.21.74 - - [23/Jul/2007:05:47:44 +1000] "GET /tibia/stats/pzlocked HTTP/1.1" 200 6436 "-" "Mozilla/4.0 (compatible; MSIE 6.0; Windows NT 5.1; SV1; .NET CLR 1.1.4322; .NET CLR 2.0.50727)"
74.97.21.74 - - [23/Jul/2007:05:47:48 +1000] "GET /tibia/stats/tibstats.css HTTP/1.1" 304 136 "http://www.eruanno.com/tibia/stats/pzlocked" "Mozilla/4.0 (compatible; MSIE 6.0; Windows NT 5.1; SV1; .NET CLR 1.1.4322; .NET CLR 2.0.50727)"
74.97.21.74 - - [23/Jul/2007:05:47:49 +1000] "GET /tibia/stats/scroll.gif HTTP/1.1" 304 138 "http://www.eruanno.com/tibia/stats/pzlocked" "Mozilla/4.0 (compatible; MSIE 6.0; Windows NT 5.1; SV1; .NET CLR 1.1.4322; .NET CLR 2.0.50727)"
124.183.67.50 - - [23/Jul/2007:05:47:55 +1000] "GET /tibia/stats/pzlocked.html HTTP/1.1" 302 459 "-" "Opera/9.20 (Windows NT 5.1; U; en)"
124.183.67.50 - - [23/Jul/2007:05:47:56 +1000] "GET /tibia/stats/pzlocked.html HTTP/1.1" 200 6436 "-" "Opera/9.20 (Windows NT 5.1; U; en)"
124.183.67.50 - - [23/Jul/2007:05:48:31 +1000] "GET /tibia/stats/pzlocked.html HTTP/1.1" 302 459 "-" "Opera/9.20 (Windows NT 5.1; U; en)"
124.183.67.50 - - [23/Jul/2007:05:48:31 +1000] "GET /tibia/stats/pzlocked.html HTTP/1.1" 200 6436 "-" "Opera/9.20 (Windows NT 5.1; U; en)"
201.10.23.92 - - [23/Jul/2007:05:48:37 +1000] "GET /tibia/stats/charstats.html?char_name=Don%20Pon HTTP/1.1" 200 9151 "http://www.eruanno.com/tibia/stats/pzlocked.html" "Mozilla/5.0 (Windows; U; Windows NT 5.1; pt-BR; rv:1.8.1.5) Gecko/20070713 Firefox/2.0.0.5"
201.10.23.92 - - [23/Jul/2007:05:48:36 +1000] "GET /tibia/stats/pzlocked.html HTTP/1.1" 200 6436 "-" "Mozilla/5.0 (Windows; U; Windows NT 5.1; pt-BR; rv:1.8.1.5) Gecko/20070713 Firefox/2.0.0.5"
